To honour the JVM settings for this build a single-use Daemon process will be forked. For more on this, please refer to https://docs.gradle.org/8.13/userguide/gradle_daemon.html#sec:disabling_the_daemon in the Gradle documentation.
Daemon will be stopped at the end of the build 
> Task :app:preBuild UP-TO-DATE
> Task :app:preDebugBuild UP-TO-DATE
> Task :app:mergeDebugNativeDebugMetadata NO-SOURCE
> Task :app:checkKotlinGradlePluginConfigurationErrors SKIPPED
> Task :app:generateDebugBuildConfig
> Task :app:checkDebugAarMetadata
> Task :app:processDebugNavigationResources
> Task :app:generateDebugResValues
> Task :app:compileDebugNavigationResources
> Task :app:mapDebugSourceSetPaths
> Task :app:generateDebugResources
> Task :app:mergeDebugResources
> Task :app:packageDebugResources
> Task :app:createDebugCompatibleScreenManifests
> Task :app:extractDeepLinksDebug
> Task :app:parseDebugLocalResources
> Task :app:processDebugMainManifest
> Task :app:processDebugManifest
> Task :app:mergeDebugShaders
> Task :app:compileDebugShaders NO-SOURCE
> Task :app:generateDebugAssets UP-TO-DATE
> Task :app:javaPreCompileDebug
> Task :app:mergeDebugAssets
> Task :app:compressDebugAssets
> Task :app:desugarDebugFileDependencies
> Task :app:mergeDebugJniLibFolders
> Task :app:mergeDebugNativeLibs
> Task :app:validateSigningDebug
> Task :app:checkDebugDuplicateClasses

> Task :app:stripDebugDebugSymbols
Unable to strip the following libraries, packaging them as they are: libandroidx.graphics.path.so. Run with --info option to learn more.

> Task :app:writeDebugAppMetadata
> Task :app:mergeLibDexDebug
> Task :app:writeDebugSigningConfigVersions
> Task :app:processDebugManifestForPackage
warn: removing resource com.brittytino.patchwork:string/app_airsync without required default value.
warn: removing resource com.brittytino.patchwork:string/app_canvas without required default value.
warn: removing resource com.brittytino.patchwork:string/app_tasks without required default value.
warn: removing resource com.brittytino.patchwork:string/app_zenzero without required default value.
warn: removing resource com.brittytino.patchwork:string/app_zero without required default value.
warn: removing resource com.brittytino.patchwork:string/connect_to_airsync without required default value.
warn: removing resource com.brittytino.patchwork:string/connect_to_airsync_summary without required default value.
warn: removing resource com.brittytino.patchwork:string/download_airsync without required default value.
warn: removing resource com.brittytino.patchwork:string/download_airsync_summary without required default value.
warn: removing resource com.brittytino.patchwork:string/label_other_apps without required default value.

> Task :app:processDebugResources
> Task :app:mergeExtDexDebug
> Task :app:kspDebugKotlin

> Task :app:compileDebugKotlin FAILED
.\gradlew.bat : e: 
file:///D:/College/MAD%20Project/patchwork/app/src/main/java/com/brittytino/patchwork/services/AppCooldownEngine.kt:49:47 Unresolved 
reference 'ActionType'.
At line:1 char:41
+ ... ect\patchwork" ; .\gradlew.bat assembleDebug --no-daemon 2>&1 | Tee-O ...
+                      ~~~~~~~~~~~~~~~~~~~~~~~~~~~~~~~~~~~~~~~~~~~~
    + CategoryInfo          : NotSpecified: (e: file:///D:/C...e 'ActionType'.:String) [], RemoteException
    + FullyQualifiedErrorId : NativeCommandError
 
e: file:///D:/College/MAD%20Project/patchwork/app/src/main/java/com/brittytino/patchwork/services/AppCooldownEngine.kt:54:56 Unresolved 
reference 'TriggerSource'.
e: file:///D:/College/MAD%20Project/patchwork/app/src/main/java/com/brittytino/patchwork/services/AppCooldownEngine.kt:86:47 Unresolved 
reference 'ActionType'.
e: file:///D:/College/MAD%20Project/patchwork/app/src/main/java/com/brittytino/patchwork/services/AppCooldownEngine.kt:91:56 Unresolved 
reference 'TriggerSource'.
e: file:///D:/College/MAD%20Project/patchwork/app/src/main/java/com/brittytino/patchwork/services/AppCooldownEngine.kt:116:29 Argument 
type mismatch: actual type is 'kotlin.Unit', but 'com.brittytino.patchwork.data.database.entity.AppCooldownRule' was expected.
e: file:///D:/College/MAD%20Project/patchwork/app/src/main/java/com/brittytino/patchwork/services/IdleAppEngine.kt:190:43 Unresolved 
reference 'ActionType'.
e: file:///D:/College/MAD%20Project/patchwork/app/src/main/java/com/brittytino/patchwork/services/IdleAppEngine.kt:195:52 Unresolved 
reference 'TriggerSource'.
e: file:///D:/College/MAD%20Project/patchwork/app/src/main/java/com/brittytino/patchwork/ui/composables/SetupFeatures.kt:58:47 Const 'val' 
initializer should be a constant value.
e: file:///D:/College/MAD%20Project/patchwork/app/src/main/java/com/brittytino/patchwork/ui/composables/configs/ButtonRemapSettingsUI.kt:31
6:27 The feature "when guards" is experimental and should be enabled explicitly
e: file:///D:/College/MAD%20Project/patchwork/app/src/main/java/com/brittytino/patchwork/ui/composables/configs/ButtonRemapSettingsUI.kt:31
7:27 The feature "when guards" is experimental and should be enabled explicitly
e: file:///D:/College/MAD%20Project/patchwork/app/src/main/java/com/brittytino/patchwork/ui/composables/configs/ButtonRemapSettingsUI.kt:31
8:27 The feature "when guards" is experimental and should be enabled explicitly
e: file:///D:/College/MAD%20Project/patchwork/app/src/main/java/com/brittytino/patchwork/ui/composables/configs/ButtonRemapSettingsUI.kt:32
4:31 The feature "when guards" is experimental and should be enabled explicitly
e: file:///D:/College/MAD%20Project/patchwork/app/src/main/java/com/brittytino/patchwork/ui/composables/configs/ButtonRemapSettingsUI.kt:32
9:31 The feature "when guards" is experimental and should be enabled explicitly
e: file:///D:/College/MAD%20Project/patchwork/app/src/main/java/com/brittytino/patchwork/ui/composables/configs/ButtonRemapSettingsUI.kt:33
4:31 The feature "when guards" is experimental and should be enabled explicitly
e: file:///D:/College/MAD%20Project/patchwork/app/src/main/java/com/brittytino/patchwork/ui/screens/ActionHistoryScreen.kt:312:53 
Unresolved reference 'rounded_brightness_6_24'.
e: file:///D:/College/MAD%20Project/patchwork/app/src/main/java/com/brittytino/patchwork/ui/screens/ActionHistoryScreen.kt:314:46 
Unresolved reference 'rounded_aod_24'.
e: file:///D:/College/MAD%20Project/patchwork/app/src/main/java/com/brittytino/patchwork/ui/screens/ActionHistoryScreen.kt:315:47 
Unresolved reference 'rounded_wifi_24'.
e: file:///D:/College/MAD%20Project/patchwork/app/src/main/java/com/brittytino/patchwork/ui/screens/ActionHistoryScreen.kt:317:55 
Unresolved reference 'rounded_auto_awesome_24'.
e: file:///D:/College/MAD%20Project/patchwork/app/src/main/java/com/brittytino/patchwork/ui/screens/ActionHistoryScreen.kt:318:50 
Unresolved reference 'rounded_space_dashboard_24'.
e: file:///D:/College/MAD%20Project/patchwork/app/src/main/java/com/brittytino/patchwork/ui/screens/ActionHistoryScreen.kt:320:55 
Unresolved reference 'rounded_auto_awesome_24'.
e: file:///D:/College/MAD%20Project/patchwork/app/src/main/java/com/brittytino/patchwork/ui/screens/ActionHistoryScreen.kt:323:50 
Unresolved reference 'rounded_auto_awesome_24'.
e: file:///D:/College/MAD%20Project/patchwork/app/src/main/java/com/brittytino/patchwork/ui/screens/SystemSnapshotsScreen.kt:552:64 
Unresolved reference 'rounded_home_24'.

FAILURE: Build failed with an exception.

* What went wrong:
Execution failed for task ':app:compileDebugKotlin'.
> A failure occurred while executing org.jetbrains.kotlin.compilerRunner.GradleCompilerRunnerWithWorkers$GradleKotlinCompilerWorkAction
   > Compilation error. See log for more details

* Try:
> Run with --stacktrace option to get the stack trace.
> Run with --info or --debug option to get more log output.
> Run with --scan to get full insights.
> Get more help at https://help.gradle.org.

BUILD FAILED in 54s
32 actionable tasks: 32 executed
