To honour the JVM settings for this build a single-use Daemon process will be forked. For more on this, please refer to https://docs.gradle.org/8.13/userguide/gradle_daemon.html#sec:disabling_the_daemon in the Gradle documentation.
Daemon will be stopped at the end of the build 
> Task :app:preBuild UP-TO-DATE
> Task :app:preDebugBuild UP-TO-DATE
> Task :app:mergeDebugNativeDebugMetadata NO-SOURCE
> Task :app:checkKotlinGradlePluginConfigurationErrors SKIPPED
> Task :app:generateDebugBuildConfig UP-TO-DATE
> Task :app:checkDebugAarMetadata UP-TO-DATE
> Task :app:processDebugNavigationResources UP-TO-DATE
> Task :app:compileDebugNavigationResources UP-TO-DATE
> Task :app:generateDebugResValues UP-TO-DATE
> Task :app:mapDebugSourceSetPaths UP-TO-DATE
> Task :app:generateDebugResources UP-TO-DATE
> Task :app:mergeDebugResources UP-TO-DATE
> Task :app:packageDebugResources UP-TO-DATE
> Task :app:parseDebugLocalResources UP-TO-DATE
> Task :app:createDebugCompatibleScreenManifests UP-TO-DATE
> Task :app:extractDeepLinksDebug UP-TO-DATE
> Task :app:processDebugMainManifest UP-TO-DATE
> Task :app:processDebugManifest UP-TO-DATE
> Task :app:processDebugManifestForPackage UP-TO-DATE
> Task :app:processDebugResources UP-TO-DATE
> Task :app:kspDebugKotlin UP-TO-DATE
> Task :app:javaPreCompileDebug UP-TO-DATE
> Task :app:mergeDebugShaders UP-TO-DATE
> Task :app:compileDebugShaders NO-SOURCE
> Task :app:generateDebugAssets UP-TO-DATE
> Task :app:mergeDebugAssets UP-TO-DATE
> Task :app:compressDebugAssets UP-TO-DATE
> Task :app:checkDebugDuplicateClasses UP-TO-DATE
> Task :app:desugarDebugFileDependencies UP-TO-DATE
> Task :app:mergeExtDexDebug UP-TO-DATE
> Task :app:mergeLibDexDebug UP-TO-DATE
> Task :app:mergeDebugJniLibFolders UP-TO-DATE
> Task :app:mergeDebugNativeLibs UP-TO-DATE
> Task :app:stripDebugDebugSymbols UP-TO-DATE
> Task :app:validateSigningDebug UP-TO-DATE
> Task :app:writeDebugAppMetadata UP-TO-DATE
> Task :app:writeDebugSigningConfigVersions UP-TO-DATE

> Task :app:compileDebugKotlin FAILED
.\gradlew.bat : e: file:///D:/College/MAD%20Project/patchwork/app/src/main/java/com/brittytino/patchwork/data/database/ent
ity/IdleAppRule.kt:35:1 This annotation is not repeatable.
At line:1 char:41
+ ... ect\patchwork" ; .\gradlew.bat assembleDebug --no-daemon 2>&1 | Out-F ...
+                      ~~~~~~~~~~~~~~~~~~~~~~~~~~~~~~~~~~~~~~~~~~~~
    + CategoryInfo          : NotSpecified: (e: file:///D:/C...not repeatable.:String) [], RemoteException
    + FullyQualifiedErrorId : NativeCommandError
 
e: file:///D:/College/MAD%20Project/patchwork/app/src/main/java/com/brittytino/patchwork/data/repository/AppCooldownReposi
tory.kt:28:16 Return type mismatch: expected 'kotlin.Long', actual 'kotlin.Unit'.
e: file:///D:/College/MAD%20Project/patchwork/app/src/main/java/com/brittytino/patchwork/data/repository/IdleAppRepository
.kt:71:41 Unresolved reference 'count'.
e: 
file:///D:/College/MAD%20Project/patchwork/app/src/main/java/com/brittytino/patchwork/services/AppCooldownEngine.kt:34:64 
Unresolved reference 'getDatabase'.
e: 
file:///D:/College/MAD%20Project/patchwork/app/src/main/java/com/brittytino/patchwork/services/AppCooldownEngine.kt:49:21 
No parameter with name 'ActionType' found.
e: 
file:///D:/College/MAD%20Project/patchwork/app/src/main/java/com/brittytino/patchwork/services/AppCooldownEngine.kt:49:53 
Unresolved reference 'ActionType'.
e: 
file:///D:/College/MAD%20Project/patchwork/app/src/main/java/com/brittytino/patchwork/services/AppCooldownEngine.kt:54:56 
Unresolved reference 'TriggerSource'.
e: 
file:///D:/College/MAD%20Project/patchwork/app/src/main/java/com/brittytino/patchwork/services/AppCooldownEngine.kt:55:21 
No value passed for parameter 'type'.
e: 
file:///D:/College/MAD%20Project/patchwork/app/src/main/java/com/brittytino/patchwork/services/AppCooldownEngine.kt:86:21 
No parameter with name 'ActionType' found.
e: 
file:///D:/College/MAD%20Project/patchwork/app/src/main/java/com/brittytino/patchwork/services/AppCooldownEngine.kt:86:53 
Unresolved reference 'ActionType'.
e: 
file:///D:/College/MAD%20Project/patchwork/app/src/main/java/com/brittytino/patchwork/services/AppCooldownEngine.kt:91:56 
Unresolved reference 'TriggerSource'.
e: 
file:///D:/College/MAD%20Project/patchwork/app/src/main/java/com/brittytino/patchwork/services/AppCooldownEngine.kt:92:21 
No value passed for parameter 'type'.
e: file:///D:/College/MAD%20Project/patchwork/app/src/main/java/com/brittytino/patchwork/services/AppCooldownEngine.kt:116
:29 Argument type mismatch: actual type is 'kotlin.Unit', but 
'com.brittytino.patchwork.data.database.entity.AppCooldownRule' was expected.
e: file:///D:/College/MAD%20Project/patchwork/app/src/main/java/com/brittytino/patchwork/services/IdleAppEngine.kt:36:60 
Unresolved reference 'getDatabase'.
e: file:///D:/College/MAD%20Project/patchwork/app/src/main/java/com/brittytino/patchwork/services/IdleAppEngine.kt:190:17 
No parameter with name 'ActionType' found.
e: file:///D:/College/MAD%20Project/patchwork/app/src/main/java/com/brittytino/patchwork/services/IdleAppEngine.kt:191:69 
Unresolved reference 'ActionType'.
e: file:///D:/College/MAD%20Project/patchwork/app/src/main/java/com/brittytino/patchwork/services/IdleAppEngine.kt:192:67 
Unresolved reference 'ActionType'.
e: file:///D:/College/MAD%20Project/patchwork/app/src/main/java/com/brittytino/patchwork/services/IdleAppEngine.kt:193:74 
Unresolved reference 'ActionType'.
e: file:///D:/College/MAD%20Project/patchwork/app/src/main/java/com/brittytino/patchwork/services/IdleAppEngine.kt:194:69 
Unresolved reference 'ActionType'.
e: file:///D:/College/MAD%20Project/patchwork/app/src/main/java/com/brittytino/patchwork/services/IdleAppEngine.kt:200:52 
Unresolved reference 'TriggerSource'.
e: file:///D:/College/MAD%20Project/patchwork/app/src/main/java/com/brittytino/patchwork/services/IdleAppEngine.kt:202:17 
No value passed for parameter 'type'.
e: file:///D:/College/MAD%20Project/patchwork/app/src/main/java/com/brittytino/patchwork/ui/composables/SetupFeatures.kt:5
8:47 Const 'val' initializer should be a constant value.
e: file:///D:/College/MAD%20Project/patchwork/app/src/main/java/com/brittytino/patchwork/ui/composables/configs/ButtonRema
pSettingsUI.kt:316:27 The feature "when guards" is experimental and should be enabled explicitly
e: file:///D:/College/MAD%20Project/patchwork/app/src/main/java/com/brittytino/patchwork/ui/composables/configs/ButtonRema
pSettingsUI.kt:317:27 The feature "when guards" is experimental and should be enabled explicitly
e: file:///D:/College/MAD%20Project/patchwork/app/src/main/java/com/brittytino/patchwork/ui/composables/configs/ButtonRema
pSettingsUI.kt:318:27 The feature "when guards" is experimental and should be enabled explicitly
e: file:///D:/College/MAD%20Project/patchwork/app/src/main/java/com/brittytino/patchwork/ui/composables/configs/ButtonRema
pSettingsUI.kt:324:31 The feature "when guards" is experimental and should be enabled explicitly
e: file:///D:/College/MAD%20Project/patchwork/app/src/main/java/com/brittytino/patchwork/ui/composables/configs/ButtonRema
pSettingsUI.kt:329:31 The feature "when guards" is experimental and should be enabled explicitly
e: file:///D:/College/MAD%20Project/patchwork/app/src/main/java/com/brittytino/patchwork/ui/composables/configs/ButtonRema
pSettingsUI.kt:334:31 The feature "when guards" is experimental and should be enabled explicitly
e: file:///D:/College/MAD%20Project/patchwork/app/src/main/java/com/brittytino/patchwork/ui/screens/ActionHistoryScreen.kt
:309:45 Unresolved reference 'rounded_ac_unit_24'.
e: file:///D:/College/MAD%20Project/patchwork/app/src/main/java/com/brittytino/patchwork/ui/screens/ActionHistoryScreen.kt
:310:47 Unresolved reference 'rounded_ac_unit_24'.
e: file:///D:/College/MAD%20Project/patchwork/app/src/main/java/com/brittytino/patchwork/ui/screens/ActionHistoryScreen.kt
:312:53 Unresolved reference 'rounded_brightness_6_24'.
e: file:///D:/College/MAD%20Project/patchwork/app/src/main/java/com/brittytino/patchwork/ui/screens/ActionHistoryScreen.kt
:314:46 Unresolved reference 'rounded_aod_24'.
e: file:///D:/College/MAD%20Project/patchwork/app/src/main/java/com/brittytino/patchwork/ui/screens/ActionHistoryScreen.kt
:315:47 Unresolved reference 'rounded_wifi_24'.
e: file:///D:/College/MAD%20Project/patchwork/app/src/main/java/com/brittytino/patchwork/ui/screens/ActionHistoryScreen.kt
:317:55 Unresolved reference 'rounded_auto_awesome_24'.
e: file:///D:/College/MAD%20Project/patchwork/app/src/main/java/com/brittytino/patchwork/ui/screens/ActionHistoryScreen.kt
:318:50 Unresolved reference 'rounded_space_dashboard_24'.
e: file:///D:/College/MAD%20Project/patchwork/app/src/main/java/com/brittytino/patchwork/ui/screens/ActionHistoryScreen.kt
:320:55 Unresolved reference 'rounded_auto_awesome_24'.
e: file:///D:/College/MAD%20Project/patchwork/app/src/main/java/com/brittytino/patchwork/ui/screens/SystemSnapshotsScreen.
kt:552:64 Unresolved reference 'rounded_home_24'.

FAILURE: Build failed with an exception.

* What went wrong:
Execution failed for task ':app:compileDebugKotlin'.
> A failure occurred while executing 
org.jetbrains.kotlin.compilerRunner.GradleCompilerRunnerWithWorkers$GradleKotlinCompilerWorkAction
   > Compilation error. See log for more details

* Try:
> Run with --stacktrace option to get the stack trace.
> Run with --info or --debug option to get more log output.
> Run with --scan to get full insights.
> Get more help at https://help.gradle.org.

BUILD FAILED in 27s
32 actionable tasks: 1 executed, 31 up-to-date
